node.exe : FAIL 
tests/integration.test.ts (21.472 s)
At C:\Program 
Files\nodejs\npx.ps1:29 char:3
+   & $NODE_EXE $NPX_CLI_JS $args
+   ~~~~~~~~~~~~~~~~~~~~~~~~~~~~~
    + CategoryInfo          : NotSpe 
   cified: (FAIL tests/inte...t.ts   
  (21.472 s):String) [], RemoteExc   
 eption
    + FullyQualifiedErrorId : Native 
   CommandError
 
  ΓùÅ Auth Endpoints ΓÇ║ should 
register a new user

    thrown: "Exceeded timeout of 
5000 ms for a hook.
    Add a timeout value to this test 
to increase the timeout, if this is 
a long-running test. See https://jest
js.io/docs/api#testname-fn-timeout."

    [0m [90m 11 |[39m [90m// 
Actually, let's use the real DB but 
clear it.[39m
     [90m 12 |[39m
    [31m[1m>[22m[39m[90m 13 
|[39m beforeAll([36masync[39m () 
[33m=>[39m {
     [90m    |[39m 
[31m[1m^[22m[39m
     [90m 14 |[39m   
[36mconst[39m mongoUri [33m=[39m 
process[33m.[39menv[33m.[39m[33m
MONGO_URI[39m [33m||[39m [32m'mon
godb://localhost:27017/conceptforge_t
est'[39m[33m;[39m
     [90m 15 |[39m   
[36mawait[39m mongoose[33m.[39mco
nnect(mongoUri)[33m;[39m
     [90m 16 |[39m 
})[33m;[39m[0m

      at Object.<anonymous> 
(tests/integration.test.ts:13:1)

  ΓùÅ Auth Endpoints ΓÇ║ should 
login the user

    thrown: "Exceeded timeout of 
5000 ms for a hook.
    Add a timeout value to this test 
to increase the timeout, if this is 
a long-running test. See https://jest
js.io/docs/api#testname-fn-timeout."

    [0m [90m 11 |[39m [90m// 
Actually, let's use the real DB but 
clear it.[39m
     [90m 12 |[39m
    [31m[1m>[22m[39m[90m 13 
|[39m beforeAll([36masync[39m () 
[33m=>[39m {
     [90m    |[39m 
[31m[1m^[22m[39m
     [90m 14 |[39m   
[36mconst[39m mongoUri [33m=[39m 
process[33m.[39menv[33m.[39m[33m
MONGO_URI[39m [33m||[39m [32m'mon
godb://localhost:27017/conceptforge_t
est'[39m[33m;[39m
     [90m 15 |[39m   
[36mawait[39m mongoose[33m.[39mco
nnect(mongoUri)[33m;[39m
     [90m 16 |[39m 
})[33m;[39m[0m

      at Object.<anonymous> 
(tests/integration.test.ts:13:1)

  ΓùÅ Node Endpoints ΓÇ║ should 
create a new node

    thrown: "Exceeded timeout of 
5000 ms for a hook.
    Add a timeout value to this test 
to increase the timeout, if this is 
a long-running test. See https://jest
js.io/docs/api#testname-fn-timeout."

    [0m [90m 11 |[39m [90m// 
Actually, let's use the real DB but 
clear it.[39m
     [90m 12 |[39m
    [31m[1m>[22m[39m[90m 13 
|[39m beforeAll([36masync[39m () 
[33m=>[39m {
     [90m    |[39m 
[31m[1m^[22m[39m
     [90m 14 |[39m   
[36mconst[39m mongoUri [33m=[39m 
process[33m.[39menv[33m.[39m[33m
MONGO_URI[39m [33m||[39m [32m'mon
godb://localhost:27017/conceptforge_t
est'[39m[33m;[39m
     [90m 15 |[39m   
[36mawait[39m mongoose[33m.[39mco
nnect(mongoUri)[33m;[39m
     [90m 16 |[39m 
})[33m;[39m[0m

      at Object.<anonymous> 
(tests/integration.test.ts:13:1)

  ΓùÅ Node Endpoints ΓÇ║ should 
create a new node

    thrown: "Exceeded timeout of 
5000 ms for a hook.
    Add a timeout value to this test 
to increase the timeout, if this is 
a long-running test. See https://jest
js.io/docs/api#testname-fn-timeout."

    [0m [90m 53 |[39m   
[36mlet[39m userId[33m:[39m 
string[33m;[39m
     [90m 54 |[39m
    [31m[1m>[22m[39m[90m 55 
|[39m   beforeAll([36masync[39m 
() [33m=>[39m {
     [90m    |[39m   
[31m[1m^[22m[39m
     [90m 56 |[39m     [90m// 
Login to get token[39m
     [90m 57 |[39m     
[36mconst[39m res [33m=[39m 
[36mawait[39m request(app)
     [90m 58 |[39m       [33m.[39
mpost([32m'/api/auth/login'[39m)[0
m

      at 
tests/integration.test.ts:55:3
      at Object.<anonymous> 
(tests/integration.test.ts:51:1)

  ΓùÅ Node Endpoints ΓÇ║ should get 
all nodes

    thrown: "Exceeded timeout of 
5000 ms for a hook.
    Add a timeout value to this test 
to increase the timeout, if this is 
a long-running test. See https://jest
js.io/docs/api#testname-fn-timeout."

    [0m [90m 11 |[39m [90m// 
Actually, let's use the real DB but 
clear it.[39m
     [90m 12 |[39m
    [31m[1m>[22m[39m[90m 13 
|[39m beforeAll([36masync[39m () 
[33m=>[39m {
     [90m    |[39m 
[31m[1m^[22m[39m
     [90m 14 |[39m   
[36mconst[39m mongoUri [33m=[39m 
process[33m.[39menv[33m.[39m[33m
MONGO_URI[39m [33m||[39m [32m'mon
godb://localhost:27017/conceptforge_t
est'[39m[33m;[39m
     [90m 15 |[39m   
[36mawait[39m mongoose[33m.[39mco
nnect(mongoUri)[33m;[39m
     [90m 16 |[39m 
})[33m;[39m[0m

      at Object.<anonymous> 
(tests/integration.test.ts:13:1)

  ΓùÅ Node Endpoints ΓÇ║ should get 
all nodes

    thrown: "Exceeded timeout of 
5000 ms for a hook.
    Add a timeout value to this test 
to increase the timeout, if this is 
a long-running test. See https://jest
js.io/docs/api#testname-fn-timeout."

    [0m [90m 53 |[39m   
[36mlet[39m userId[33m:[39m 
string[33m;[39m
     [90m 54 |[39m
    [31m[1m>[22m[39m[90m 55 
|[39m   beforeAll([36masync[39m 
() [33m=>[39m {
     [90m    |[39m   
[31m[1m^[22m[39m
     [90m 56 |[39m     [90m// 
Login to get token[39m
     [90m 57 |[39m     
[36mconst[39m res [33m=[39m 
[36mawait[39m request(app)
     [90m 58 |[39m       [33m.[39
mpost([32m'/api/auth/login'[39m)[0
m

      at 
tests/integration.test.ts:55:3
      at Object.<anonymous> 
(tests/integration.test.ts:51:1)

  ΓùÅ Node Endpoints ΓÇ║ should 
update a node and increment version

    thrown: "Exceeded timeout of 
5000 ms for a hook.
    Add a timeout value to this test 
to increase the timeout, if this is 
a long-running test. See https://jest
js.io/docs/api#testname-fn-timeout."

    [0m [90m 11 |[39m [90m// 
Actually, let's use the real DB but 
clear it.[39m
     [90m 12 |[39m
    [31m[1m>[22m[39m[90m 13 
|[39m beforeAll([36masync[39m () 
[33m=>[39m {
     [90m    |[39m 
[31m[1m^[22m[39m
     [90m 14 |[39m   
[36mconst[39m mongoUri [33m=[39m 
process[33m.[39menv[33m.[39m[33m
MONGO_URI[39m [33m||[39m [32m'mon
godb://localhost:27017/conceptforge_t
est'[39m[33m;[39m
     [90m 15 |[39m   
[36mawait[39m mongoose[33m.[39mco
nnect(mongoUri)[33m;[39m
     [90m 16 |[39m 
})[33m;[39m[0m

      at Object.<anonymous> 
(tests/integration.test.ts:13:1)

  ΓùÅ Node Endpoints ΓÇ║ should 
update a node and increment version

    thrown: "Exceeded timeout of 
5000 ms for a hook.
    Add a timeout value to this test 
to increase the timeout, if this is 
a long-running test. See https://jest
js.io/docs/api#testname-fn-timeout."

    [0m [90m 53 |[39m   
[36mlet[39m userId[33m:[39m 
string[33m;[39m
     [90m 54 |[39m
    [31m[1m>[22m[39m[90m 55 
|[39m   beforeAll([36masync[39m 
() [33m=>[39m {
     [90m    |[39m   
[31m[1m^[22m[39m
     [90m 56 |[39m     [90m// 
Login to get token[39m
     [90m 57 |[39m     
[36mconst[39m res [33m=[39m 
[36mawait[39m request(app)
     [90m 58 |[39m       [33m.[39
mpost([32m'/api/auth/login'[39m)[0
m

      at 
tests/integration.test.ts:55:3
      at Object.<anonymous> 
(tests/integration.test.ts:51:1)


  ΓùÅ Test suite failed to run

    thrown: "Exceeded timeout of 
5000 ms for a hook.
    Add a timeout value to this test 
to increase the timeout, if this is 
a long-running test. See https://jest
js.io/docs/api#testname-fn-timeout."

    [0m [90m 16 |[39m 
})[33m;[39m
     [90m 17 |[39m
    [31m[1m>[22m[39m[90m 18 
|[39m afterAll([36masync[39m () 
[33m=>[39m {
     [90m    |[39m 
[31m[1m^[22m[39m
     [90m 19 |[39m   
[36mawait[39m mongoose[33m.[39mco
nnection[33m.[39mdropDatabase()[33
m;[39m
     [90m 20 |[39m   
[36mawait[39m mongoose[33m.[39mco
nnection[33m.[39mclose()[33m;[39m
     [90m 21 |[39m 
})[33m;[39m[0m

      at Object.<anonymous> 
(tests/integration.test.ts:18:1)

Test Suites: 1 failed, 1 total
Tests:       5 failed, 5 total
Snapshots:   0 total
Time:        22.15 s, estimated 28 s
Ran all test suites.
Force exiting Jest: Have you 
considered using 
`--detectOpenHandles` to detect 
async operations that kept running 
after all tests finished?
